// Jest Snapshot v1, https://goo.gl/fbAQLP

exports[`Loader Component Tests should render Loader component with a snapshot 1`] = `
<div
  className="loading"
>
  <div />
  <div />
  <div />
  <div />
</div>
`;
